Archive member included because of file (symbol)

c:/winavr-20100110/bin/../lib/gcc/avr/4.3.3/avr5\libgcc.a(_udivmodsi4.o)
                              ./uart.o (__udivmodsi4)
c:/winavr-20100110/bin/../lib/gcc/avr/4.3.3/avr5\libgcc.a(_exit.o)
                              c:/winavr-20100110/bin/../lib/gcc/avr/4.3.3/../../../../avr/lib/avr5/crtm16.o (exit)
c:/winavr-20100110/bin/../lib/gcc/avr/4.3.3/avr5\libgcc.a(_copy_data.o)
                              ./control.o (__do_copy_data)
c:/winavr-20100110/bin/../lib/gcc/avr/4.3.3/avr5\libgcc.a(_clear_bss.o)
                              ./control.o (__do_clear_bss)

Allocating common symbols
Common symbol       size              file

g_receivedPass      0x5               ./control.o
g_storedPass        0x5               ./control.o
g_recieveData       0x1               ./uart.o

Memory Configuration

Name             Origin             Length             Attributes
text             0x00000000         0x00020000         xr
data             0x00800060         0x0000ffa0         rw !x
eeprom           0x00810000         0x00010000         rw !x
fuse             0x00820000         0x00000400         rw !x
lock             0x00830000         0x00000400         rw !x
signature        0x00840000         0x00000400         rw !x
*default*        0x00000000         0xffffffff

Linker script and memory map

LOAD c:/winavr-20100110/bin/../lib/gcc/avr/4.3.3/../../../../avr/lib/avr5/crtm16.o
LOAD ./buzzer.o
LOAD ./control.o
LOAD ./dcmotor.o
LOAD ./external_eeprom.o
LOAD ./gpio.o
LOAD ./i2c.o
LOAD ./timer.o
LOAD ./uart.o
LOAD c:/winavr-20100110/bin/../lib/gcc/avr/4.3.3/avr5\libgcc.a
LOAD c:/winavr-20100110/bin/../lib/gcc/avr/4.3.3/../../../../avr/lib/avr5\libc.a
LOAD c:/winavr-20100110/bin/../lib/gcc/avr/4.3.3/avr5\libgcc.a

.hash
 *(.hash)

.dynsym
 *(.dynsym)

.dynstr
 *(.dynstr)

.gnu.version
 *(.gnu.version)

.gnu.version_d
 *(.gnu.version_d)

.gnu.version_r
 *(.gnu.version_r)

.rel.init
 *(.rel.init)

.rela.init
 *(.rela.init)

.rel.text
 *(.rel.text)
 *(.rel.text.*)
 *(.rel.gnu.linkonce.t*)

.rela.text
 *(.rela.text)
 *(.rela.text.*)
 *(.rela.gnu.linkonce.t*)

.rel.fini
 *(.rel.fini)

.rela.fini
 *(.rela.fini)

.rel.rodata
 *(.rel.rodata)
 *(.rel.rodata.*)
 *(.rel.gnu.linkonce.r*)

.rela.rodata
 *(.rela.rodata)
 *(.rela.rodata.*)
 *(.rela.gnu.linkonce.r*)

.rel.data
 *(.rel.data)
 *(.rel.data.*)
 *(.rel.gnu.linkonce.d*)

.rela.data
 *(.rela.data)
 *(.rela.data.*)
 *(.rela.gnu.linkonce.d*)

.rel.ctors
 *(.rel.ctors)

.rela.ctors
 *(.rela.ctors)

.rel.dtors
 *(.rel.dtors)

.rela.dtors
 *(.rela.dtors)

.rel.got
 *(.rel.got)

.rela.got
 *(.rela.got)

.rel.bss
 *(.rel.bss)

.rela.bss
 *(.rela.bss)

.rel.plt
 *(.rel.plt)

.rela.plt
 *(.rela.plt)

.text           0x00000000     0x171a
 *(.vectors)
 .vectors       0x00000000       0x54 c:/winavr-20100110/bin/../lib/gcc/avr/4.3.3/../../../../avr/lib/avr5/crtm16.o
                0x00000000                __vectors
                0x00000000                __vector_default
 *(.vectors)
 *(.progmem.gcc*)
 *(.progmem*)
                0x00000054                . = ALIGN (0x2)
                0x00000054                __trampolines_start = .
 *(.trampolines)
 .trampolines   0x00000054        0x0 linker stubs
 *(.trampolines*)
                0x00000054                __trampolines_end = .
 *(.jumptables)
 *(.jumptables*)
 *(.lowtext)
 *(.lowtext*)
                0x00000054                __ctors_start = .
 *(.ctors)
                0x00000054                __ctors_end = .
                0x00000054                __dtors_start = .
 *(.dtors)
                0x00000054                __dtors_end = .
 SORT(*)(.ctors)
 SORT(*)(.dtors)
 *(.init0)
 .init0         0x00000054        0x0 c:/winavr-20100110/bin/../lib/gcc/avr/4.3.3/../../../../avr/lib/avr5/crtm16.o
                0x00000054                __init
 *(.init0)
 *(.init1)
 *(.init1)
 *(.init2)
 .init2         0x00000054        0xc c:/winavr-20100110/bin/../lib/gcc/avr/4.3.3/../../../../avr/lib/avr5/crtm16.o
 *(.init2)
 *(.init3)
 *(.init3)
 *(.init4)
 .init4         0x00000060       0x16 c:/winavr-20100110/bin/../lib/gcc/avr/4.3.3/avr5\libgcc.a(_copy_data.o)
                0x00000060                __do_copy_data
 .init4         0x00000076       0x10 c:/winavr-20100110/bin/../lib/gcc/avr/4.3.3/avr5\libgcc.a(_clear_bss.o)
                0x00000076                __do_clear_bss
 *(.init4)
 *(.init5)
 *(.init5)
 *(.init6)
 *(.init6)
 *(.init7)
 *(.init7)
 *(.init8)
 *(.init8)
 *(.init9)
 .init9         0x00000086        0x8 c:/winavr-20100110/bin/../lib/gcc/avr/4.3.3/../../../../avr/lib/avr5/crtm16.o
 *(.init9)
 *(.text)
 .text          0x0000008e        0x4 c:/winavr-20100110/bin/../lib/gcc/avr/4.3.3/../../../../avr/lib/avr5/crtm16.o
                0x0000008e                __vector_1
                0x0000008e                __vector_12
                0x0000008e                __bad_interrupt
                0x0000008e                __vector_13
                0x0000008e                __vector_17
                0x0000008e                __vector_5
                0x0000008e                __vector_2
                0x0000008e                __vector_15
                0x0000008e                __vector_14
                0x0000008e                __vector_10
                0x0000008e                __vector_16
                0x0000008e                __vector_18
                0x0000008e                __vector_20
 .text          0x00000092        0x0 ./buzzer.o
 .text          0x00000092        0x0 ./control.o
 .text          0x00000092        0x0 ./dcmotor.o
 .text          0x00000092        0x0 ./external_eeprom.o
 .text          0x00000092        0x0 ./gpio.o
 .text          0x00000092        0x0 ./i2c.o
 .text          0x00000092        0x0 ./timer.o
 .text          0x00000092        0x0 ./uart.o
 .text          0x00000092        0x0 c:/winavr-20100110/bin/../lib/gcc/avr/4.3.3/avr5\libgcc.a(_udivmodsi4.o)
 .text          0x00000092        0x0 c:/winavr-20100110/bin/../lib/gcc/avr/4.3.3/avr5\libgcc.a(_exit.o)
 .text          0x00000092        0x0 c:/winavr-20100110/bin/../lib/gcc/avr/4.3.3/avr5\libgcc.a(_copy_data.o)
 .text          0x00000092        0x0 c:/winavr-20100110/bin/../lib/gcc/avr/4.3.3/avr5\libgcc.a(_clear_bss.o)
                0x00000092                . = ALIGN (0x2)
 *(.text.*)
 .text.buzzer_init
                0x00000092       0x18 ./buzzer.o
                0x00000092                buzzer_init
 .text.buzzer_turnON
                0x000000aa       0x18 ./buzzer.o
                0x000000aa                buzzer_turnON
 .text.buzzer_turnOFF
                0x000000c2       0x18 ./buzzer.o
                0x000000c2                buzzer_turnOFF
 .text.main     0x000000da      0x13a ./control.o
                0x000000da                main
 .text.control_storePass
                0x00000214       0x42 ./control.o
                0x00000214                control_storePass
 .text.control_readStoredPass
                0x00000256       0x40 ./control.o
                0x00000256                control_readStoredPass
 .text.control_receivePass
                0x00000296       0x4e ./control.o
                0x00000296                control_receivePass
 .text.control_comparePass
                0x000002e4       0x3e ./control.o
                0x000002e4                control_comparePass
 .text.control_initNewPass
                0x00000322       0x64 ./control.o
                0x00000322                control_initNewPass
 .text.control_timerCallBack
                0x00000386       0x2e ./control.o
                0x00000386                control_timerCallBack
 .text.control_doorUnlockingRoutine
                0x000003b4       0x4a ./control.o
                0x000003b4                control_doorUnlockingRoutine
 .text.control_changeRoutine
                0x000003fe       0x32 ./control.o
                0x000003fe                control_changeRoutine
 .text.DcMotor_Init
                0x00000430       0x36 ./dcmotor.o
                0x00000430                DcMotor_Init
 .text.DcMotor_Rotate
                0x00000466       0x3e ./dcmotor.o
                0x00000466                DcMotor_Rotate
 .text.EEPROM_writeByte
                0x000004a4       0x82 ./external_eeprom.o
                0x000004a4                EEPROM_writeByte
 .text.EEPROM_readByte
                0x00000526       0xc0 ./external_eeprom.o
                0x00000526                EEPROM_readByte
 .text.GPIO_setupPinDirection
                0x000005e6      0x1d6 ./gpio.o
                0x000005e6                GPIO_setupPinDirection
 .text.GPIO_writePin
                0x000007bc      0x1d6 ./gpio.o
                0x000007bc                GPIO_writePin
 .text.GPIO_readPin
                0x00000992      0x136 ./gpio.o
                0x00000992                GPIO_readPin
 .text.GPIO_setupPortDirection
                0x00000ac8       0x88 ./gpio.o
                0x00000ac8                GPIO_setupPortDirection
 .text.GPIO_writePort
                0x00000b50       0x88 ./gpio.o
                0x00000b50                GPIO_writePort
 .text.GPIO_readPort
                0x00000bd8       0x8a ./gpio.o
                0x00000bd8                GPIO_readPort
 .text.TWI_init
                0x00000c62       0x3e ./i2c.o
                0x00000c62                TWI_init
 .text.TWI_start
                0x00000ca0       0x20 ./i2c.o
                0x00000ca0                TWI_start
 .text.TWI_stop
                0x00000cc0       0x16 ./i2c.o
                0x00000cc0                TWI_stop
 .text.TWI_writeByte
                0x00000cd6       0x2e ./i2c.o
                0x00000cd6                TWI_writeByte
 .text.TWI_readByteWithACK
                0x00000d04       0x26 ./i2c.o
                0x00000d04                TWI_readByteWithACK
 .text.TWI_readByteWithNACK
                0x00000d2a       0x26 ./i2c.o
                0x00000d2a                TWI_readByteWithNACK
 .text.TWI_getStatus
                0x00000d50       0x1e ./i2c.o
                0x00000d50                TWI_getStatus
 .text.__vector_9
                0x00000d6e       0x66 ./timer.o
                0x00000d6e                __vector_9
 .text.__vector_19
                0x00000dd4       0x66 ./timer.o
                0x00000dd4                __vector_19
 .text.__vector_8
                0x00000e3a       0x66 ./timer.o
                0x00000e3a                __vector_8
 .text.__vector_6
                0x00000ea0       0x66 ./timer.o
                0x00000ea0                __vector_6
 .text.__vector_7
                0x00000f06       0x66 ./timer.o
                0x00000f06                __vector_7
 .text.__vector_4
                0x00000f6c       0x66 ./timer.o
                0x00000f6c                __vector_4
 .text.__vector_3
                0x00000fd2       0x66 ./timer.o
                0x00000fd2                __vector_3
 .text.timer0_OVFmodeInit
                0x00001038       0x54 ./timer.o
                0x00001038                timer0_OVFmodeInit
 .text.timer0_CTCmodeInit
                0x0000108c       0x88 ./timer.o
                0x0000108c                timer0_CTCmodeInit
 .text.timer1_OVFmodeInit
                0x00001114       0x52 ./timer.o
                0x00001114                timer1_OVFmodeInit
 .text.timer1_CTCAmodeInit
                0x00001166       0xa2 ./timer.o
                0x00001166                timer1_CTCAmodeInit
 .text.timer1_CTCBmodeInit
                0x00001208       0x9c ./timer.o
                0x00001208                timer1_CTCBmodeInit
 .text.timer2_OVFmodeInit
                0x000012a4       0x54 ./timer.o
                0x000012a4                timer2_OVFmodeInit
 .text.timer2_CTCmodeInit
                0x000012f8       0x88 ./timer.o
                0x000012f8                timer2_CTCmodeInit
 .text.timer0_OVFmode_setCallBack
                0x00001380       0x24 ./timer.o
                0x00001380                timer0_OVFmode_setCallBack
 .text.timer0_CTCmode_setCallBack
                0x000013a4       0x24 ./timer.o
                0x000013a4                timer0_CTCmode_setCallBack
 .text.timer1_OVFmode_setCallBack
                0x000013c8       0x24 ./timer.o
                0x000013c8                timer1_OVFmode_setCallBack
 .text.timer1_CTCmode_setCallBack
                0x000013ec       0x24 ./timer.o
                0x000013ec                timer1_CTCmode_setCallBack
 .text.timer2_OVFmode_setCallBack
                0x00001410       0x24 ./timer.o
                0x00001410                timer2_OVFmode_setCallBack
 .text.timer2_CTCmode_setCallBack
                0x00001434       0x24 ./timer.o
                0x00001434                timer2_CTCmode_setCallBack
 .text.__vector_11
                0x00001458       0x36 ./uart.o
                0x00001458                __vector_11
 .text.UART_init
                0x0000148e      0x120 ./uart.o
                0x0000148e                UART_init
 .text.UART_sendByte
                0x000015ae       0x2e ./uart.o
                0x000015ae                UART_sendByte
 .text.UART_recieveByte
                0x000015dc       0x1e ./uart.o
                0x000015dc                UART_recieveByte
 .text.UART_sendString
                0x000015fa       0x52 ./uart.o
                0x000015fa                UART_sendString
 .text.UART_receiveString
                0x0000164c       0x86 ./uart.o
                0x0000164c                UART_receiveString
 .text.libgcc   0x000016d2       0x44 c:/winavr-20100110/bin/../lib/gcc/avr/4.3.3/avr5\libgcc.a(_udivmodsi4.o)
                0x000016d2                __udivmodsi4
 .text.libgcc   0x00001716        0x0 c:/winavr-20100110/bin/../lib/gcc/avr/4.3.3/avr5\libgcc.a(_exit.o)
 .text.libgcc   0x00001716        0x0 c:/winavr-20100110/bin/../lib/gcc/avr/4.3.3/avr5\libgcc.a(_copy_data.o)
 .text.libgcc   0x00001716        0x0 c:/winavr-20100110/bin/../lib/gcc/avr/4.3.3/avr5\libgcc.a(_clear_bss.o)
                0x00001716                . = ALIGN (0x2)
 *(.fini9)
 .fini9         0x00001716        0x0 c:/winavr-20100110/bin/../lib/gcc/avr/4.3.3/avr5\libgcc.a(_exit.o)
                0x00001716                exit
                0x00001716                _exit
 *(.fini9)
 *(.fini8)
 *(.fini8)
 *(.fini7)
 *(.fini7)
 *(.fini6)
 *(.fini6)
 *(.fini5)
 *(.fini5)
 *(.fini4)
 *(.fini4)
 *(.fini3)
 *(.fini3)
 *(.fini2)
 *(.fini2)
 *(.fini1)
 *(.fini1)
 *(.fini0)
 .fini0         0x00001716        0x4 c:/winavr-20100110/bin/../lib/gcc/avr/4.3.3/avr5\libgcc.a(_exit.o)
 *(.fini0)
                0x0000171a                _etext = .

.data           0x00800060        0xe load address 0x0000171a
                0x00800060                PROVIDE (__data_start, .)
 *(.data)
 .data          0x00800060        0x0 c:/winavr-20100110/bin/../lib/gcc/avr/4.3.3/../../../../avr/lib/avr5/crtm16.o
 .data          0x00800060        0x0 ./buzzer.o
 .data          0x00800060        0x0 ./control.o
 .data          0x00800060        0x0 ./dcmotor.o
 .data          0x00800060        0x0 ./external_eeprom.o
 .data          0x00800060        0x0 ./gpio.o
 .data          0x00800060        0x0 ./i2c.o
 .data          0x00800060        0x0 ./timer.o
 .data          0x00800060        0x0 ./uart.o
 .data          0x00800060        0x0 c:/winavr-20100110/bin/../lib/gcc/avr/4.3.3/avr5\libgcc.a(_udivmodsi4.o)
 .data          0x00800060        0x0 c:/winavr-20100110/bin/../lib/gcc/avr/4.3.3/avr5\libgcc.a(_exit.o)
 .data          0x00800060        0x0 c:/winavr-20100110/bin/../lib/gcc/avr/4.3.3/avr5\libgcc.a(_copy_data.o)
 .data          0x00800060        0x0 c:/winavr-20100110/bin/../lib/gcc/avr/4.3.3/avr5\libgcc.a(_clear_bss.o)
 *(.data*)
 *(.rodata)
 *(.rodata*)
 .rodata.C.1.1398
                0x00800060        0x6 ./control.o
 .rodata.C.0.1397
                0x00800066        0x7 ./control.o
 *(.gnu.linkonce.d*)
                0x0080006e                . = ALIGN (0x2)
 *fill*         0x0080006d        0x1 00
                0x0080006e                _edata = .
                0x0080006e                PROVIDE (__data_end, .)

.bss            0x0080006e       0x14
                0x0080006e                PROVIDE (__bss_start, .)
 *(.bss)
 .bss           0x0080006e        0x0 c:/winavr-20100110/bin/../lib/gcc/avr/4.3.3/../../../../avr/lib/avr5/crtm16.o
 .bss           0x0080006e        0x0 ./buzzer.o
 .bss           0x0080006e        0x0 ./control.o
 .bss           0x0080006e        0x0 ./dcmotor.o
 .bss           0x0080006e        0x0 ./external_eeprom.o
 .bss           0x0080006e        0x0 ./gpio.o
 .bss           0x0080006e        0x0 ./i2c.o
 .bss           0x0080006e        0x0 ./timer.o
 .bss           0x0080006e        0x0 ./uart.o
 .bss           0x0080006e        0x0 c:/winavr-20100110/bin/../lib/gcc/avr/4.3.3/avr5\libgcc.a(_udivmodsi4.o)
 .bss           0x0080006e        0x0 c:/winavr-20100110/bin/../lib/gcc/avr/4.3.3/avr5\libgcc.a(_exit.o)
 .bss           0x0080006e        0x0 c:/winavr-20100110/bin/../lib/gcc/avr/4.3.3/avr5\libgcc.a(_copy_data.o)
 .bss           0x0080006e        0x0 c:/winavr-20100110/bin/../lib/gcc/avr/4.3.3/avr5\libgcc.a(_clear_bss.o)
 *(.bss*)
 .bss.g_wrongPassCount
                0x0080006e        0x1 ./control.o
                0x0080006e                g_wrongPassCount
 .bss.g_tick    0x0080006f        0x1 ./control.o
                0x0080006f                g_tick
 .bss.g_sec     0x00800070        0x1 ./control.o
                0x00800070                g_sec
 .bss.g_timer0CallBackPtr
                0x00800071        0x2 ./timer.o
 .bss.g_timer1CallBackPtr
                0x00800073        0x2 ./timer.o
 .bss.g_timer2CallBackPtr
                0x00800075        0x2 ./timer.o
 *(COMMON)
 COMMON         0x00800077        0xa ./control.o
                0x00800077                g_receivedPass
                0x0080007c                g_storedPass
 COMMON         0x00800081        0x1 ./uart.o
                0x00800081                g_recieveData
                0x00800082                PROVIDE (__bss_end, .)
                0x0000171a                __data_load_start = LOADADDR (.data)
                0x00001728                __data_load_end = (__data_load_start + SIZEOF (.data))

.noinit         0x00800082        0x0
                0x00800082                PROVIDE (__noinit_start, .)
 *(.noinit*)
                0x00800082                PROVIDE (__noinit_end, .)
                0x00800082                _end = .
                0x00800082                PROVIDE (__heap_start, .)

.eeprom         0x00810000        0x0
 *(.eeprom*)
                0x00810000                __eeprom_end = .

.fuse
 *(.fuse)
 *(.lfuse)
 *(.hfuse)
 *(.efuse)

.lock
 *(.lock*)

.signature
 *(.signature*)

.stab           0x00000000     0x2580
 *(.stab)
 .stab          0x00000000      0x270 ./buzzer.o
 .stab          0x00000270      0x9f0 ./control.o
                                0xa8c (size before relaxing)
 .stab          0x00000c60      0x198 ./dcmotor.o
                                0x294 (size before relaxing)
 .stab          0x00000df8      0x318 ./external_eeprom.o
                                0x3e4 (size before relaxing)
 .stab          0x00001110      0x5e8 ./gpio.o
                                0x870 (size before relaxing)
 .stab          0x000016f8      0x33c ./i2c.o
                                0x5b8 (size before relaxing)
 .stab          0x00001a34      0x768 ./timer.o
                                0xa08 (size before relaxing)
 .stab          0x0000219c      0x3e4 ./uart.o
                                0x690 (size before relaxing)

.stabstr        0x00000000     0x15fd
 *(.stabstr)
 .stabstr       0x00000000     0x15fd ./buzzer.o

.stab.excl
 *(.stab.excl)

.stab.exclstr
 *(.stab.exclstr)

.stab.index
 *(.stab.index)

.stab.indexstr
 *(.stab.indexstr)

.comment
 *(.comment)

.debug
 *(.debug)

.line
 *(.line)

.debug_srcinfo
 *(.debug_srcinfo)

.debug_sfnames
 *(.debug_sfnames)

.debug_aranges
 *(.debug_aranges)

.debug_pubnames
 *(.debug_pubnames)

.debug_info
 *(.debug_info)
 *(.gnu.linkonce.wi.*)

.debug_abbrev
 *(.debug_abbrev)

.debug_line
 *(.debug_line)

.debug_frame
 *(.debug_frame)

.debug_str
 *(.debug_str)

.debug_loc
 *(.debug_loc)

.debug_macinfo
 *(.debug_macinfo)
OUTPUT(Control_ECU.elf elf32-avr)
LOAD linker stubs
